// Vitest Snapshot v1, https://vitest.dev/guide/snapshot.html

exports[`App component > should render app 1`] = `
<div>
  <div
    class="App"
  >
    <header
      class="mainHeader"
    >
      <h2>
        ET
      </h2>
      <nav
        class="headerNav"
      >
        <a>
          About
        </a>
        <a>
          Projects
        </a>
        <a>
          Contact
        </a>
      </nav>
    </header>
    <section
      class="heroSection"
    >
      <h1>
        Eddie
        <br />
        Thiiru
      </h1>
      <h2>
        Full Stack
        <br />
        Developer
      </h2>
    </section>
    <section
      class="aboutSection"
    >
      <h2>
        -About
      </h2>
      <p>
        Hello, I am Eddie, a passionate full stack web developer who loves solving problems and delivering high quality products.
      </p>
      <div
        class="technologiesGrid"
      >
        <div
          class="technologiesWrapper"
        >
          <div>
            <img
              alt=""
              src="/src/images/html.svg"
            />
            <p>
              HTML
            </p>
          </div>
          <div>
            <img
              alt=""
              src="/src/images/css.svg"
            />
            <p>
              CSS
            </p>
          </div>
          <div>
            <img
              alt=""
              src="/src/images/js.svg"
            />
            <p>
              javaScript
            </p>
          </div>
        </div>
        <div
          class="technologiesWrapper"
        >
          <div>
            <img
              alt=""
              src="/src/images/vite.svg"
            />
            <p>
              Vite
            </p>
          </div>
          <div>
            <img
              alt=""
              src="/src/images/react.svg"
            />
            <p>
              React
            </p>
          </div>
          <div>
            <img
              alt=""
              src="/src/images/express.svg"
            />
            <p>
              Express.js
            </p>
          </div>
        </div>
        <div
          class="technologiesWrapper"
        >
          <div>
            <img
              alt=""
              src="/src/images/node-js.svg"
            />
            <p>
              Node.js
            </p>
          </div>
          <div>
            <img
              alt=""
              src="/src/images/vitest.svg"
            />
            <p>
              Vitest
            </p>
          </div>
          <div>
            <img
              alt=""
              src="/src/images/jest.svg"
            />
            <p>
              Jest
            </p>
          </div>
        </div>
        <div
          class="technologiesWrapper"
        >
          <div>
            <img
              alt=""
              src="/src/images/git.svg"
            />
            <p>
              Git
            </p>
          </div>
          <div>
            <img
              alt=""
              src="/src/images/webpack.svg"
            />
            <p>
              Webpack
            </p>
          </div>
          <div>
            <img
              alt=""
              src="/src/images/npm.svg"
            />
            <p>
              npm
            </p>
          </div>
        </div>
      </div>
    </section>
    <section
      class="projectsSection"
    >
      <h2>
        -Projects
      </h2>
      <div
        class="project1"
      >
        <header
          class="projectHeader"
        >
          <div>
            <h3>
              cvBuilder
            </h3>
            <p>
              Online CV builder app
            </p>
          </div>
          <nav
            class="projectLinks"
          >
            <a
              href="https://eddie-thiiru-cvbuilder.netlify.app/"
            >
              Live Site 
              <svg
                fill="none"
                height="1em"
                stroke="currentColor"
                stroke-linecap="round"
                stroke-linejoin="round"
                stroke-width="2"
                viewBox="0 0 24 24"
                width="1em"
                xmlns="http://www.w3.org/2000/svg"
              >
                <line
                  x1="7"
                  x2="17"
                  y1="17"
                  y2="7"
                />
                <polyline
                  points="7 7 17 7 17 17"
                />
              </svg>
            </a>
            <a
              href=""
            >
              Github 
              <svg
                fill="none"
                height="1em"
                stroke="currentColor"
                stroke-linecap="round"
                stroke-linejoin="round"
                stroke-width="2"
                viewBox="0 0 24 24"
                width="1em"
                xmlns="http://www.w3.org/2000/svg"
              >
                <line
                  x1="7"
                  x2="17"
                  y1="17"
                  y2="7"
                />
                <polyline
                  points="7 7 17 7 17 17"
                />
              </svg>
            </a>
          </nav>
        </header>
        <div
          class="projectImgWrapper"
        >
          <img
            alt=""
            src=""
          />
        </div>
      </div>
      <div
        class="project2"
      >
        <header
          class="projectHeader"
        >
          <div>
            <h3>
              cvBuilder
            </h3>
            <p>
              Online CV builder app
            </p>
          </div>
          <nav
            class="projectLinks"
          >
            <a
              href="https://eddie-thiiru-cvbuilder.netlify.app/"
            >
              Live Site 
              <svg
                fill="none"
                height="1em"
                stroke="currentColor"
                stroke-linecap="round"
                stroke-linejoin="round"
                stroke-width="2"
                viewBox="0 0 24 24"
                width="1em"
                xmlns="http://www.w3.org/2000/svg"
              >
                <line
                  x1="7"
                  x2="17"
                  y1="17"
                  y2="7"
                />
                <polyline
                  points="7 7 17 7 17 17"
                />
              </svg>
            </a>
            <a
              href=""
            >
              Github 
              <svg
                fill="none"
                height="1em"
                stroke="currentColor"
                stroke-linecap="round"
                stroke-linejoin="round"
                stroke-width="2"
                viewBox="0 0 24 24"
                width="1em"
                xmlns="http://www.w3.org/2000/svg"
              >
                <line
                  x1="7"
                  x2="17"
                  y1="17"
                  y2="7"
                />
                <polyline
                  points="7 7 17 7 17 17"
                />
              </svg>
            </a>
          </nav>
        </header>
        <div
          class="projectImgWrapper"
        >
          <img
            alt=""
            src=""
          />
        </div>
      </div>
      <div
        class="project3"
      >
        <header
          class="projectHeader"
        >
          <div>
            <h3>
              cvBuilder
            </h3>
            <p>
              Online CV builder app
            </p>
          </div>
          <nav
            class="projectLinks"
          >
            <a
              href="https://eddie-thiiru-cvbuilder.netlify.app/"
            >
              Live Site 
              <svg
                fill="none"
                height="1em"
                stroke="currentColor"
                stroke-linecap="round"
                stroke-linejoin="round"
                stroke-width="2"
                viewBox="0 0 24 24"
                width="1em"
                xmlns="http://www.w3.org/2000/svg"
              >
                <line
                  x1="7"
                  x2="17"
                  y1="17"
                  y2="7"
                />
                <polyline
                  points="7 7 17 7 17 17"
                />
              </svg>
            </a>
            <a
              href=""
            >
              Github 
              <svg
                fill="none"
                height="1em"
                stroke="currentColor"
                stroke-linecap="round"
                stroke-linejoin="round"
                stroke-width="2"
                viewBox="0 0 24 24"
                width="1em"
                xmlns="http://www.w3.org/2000/svg"
              >
                <line
                  x1="7"
                  x2="17"
                  y1="17"
                  y2="7"
                />
                <polyline
                  points="7 7 17 7 17 17"
                />
              </svg>
            </a>
          </nav>
        </header>
        <div
          class="projectImgWrapper"
        >
          <img
            alt=""
            src=""
          />
        </div>
      </div>
      <a
        href=""
      >
        Explore more 
        <svg
          fill="none"
          height="1em"
          stroke="currentColor"
          stroke-linecap="round"
          stroke-linejoin="round"
          stroke-width="2"
          viewBox="0 0 24 24"
          width="1em"
          xmlns="http://www.w3.org/2000/svg"
        >
          <line
            x1="5"
            x2="19"
            y1="12"
            y2="12"
          />
          <polyline
            points="12 5 19 12 12 19"
          />
        </svg>
      </a>
    </section>
    <footer
      class="contactSection"
    >
      <div
        class="footerOne"
      >
        <div
          class="emailWrapper"
        >
          <h2>
            Let's
            <br />
            Connect.
          </h2>
          <p>
            eddiewachaga6@gmail.com
          </p>
        </div>
        <div
          class="formWrapper"
        >
          <form>
            <label>
              Your name:
              <input
                type="text"
              />
            </label>
            <label>
              Your email address:
              <input
                type="email"
              />
            </label>
            <label>
              Your message:
              <input
                type="text"
              />
            </label>
            <button
              class="sendBtn"
              type="submit"
            >
              Send
              <svg
                fill="none"
                height="1em"
                stroke="currentColor"
                stroke-linecap="round"
                stroke-linejoin="round"
                stroke-width="2"
                viewBox="0 0 24 24"
                width="1em"
                xmlns="http://www.w3.org/2000/svg"
              >
                <line
                  x1="5"
                  x2="19"
                  y1="12"
                  y2="12"
                />
                <polyline
                  points="12 5 19 12 12 19"
                />
              </svg>
            </button>
          </form>
        </div>
      </div>
      <div
        class="footerTwo"
      >
        <nav
          class="socialLinks"
        >
          <a
            href="#"
          >
            <svg
              fill="currentColor"
              height="1em"
              stroke="currentColor"
              stroke-width="0"
              viewBox="0 0 16 16"
              width="1em"
              xmlns="http://www.w3.org/2000/svg"
            >
              <path
                d="M8 0C3.58 0 0 3.58 0 8c0 3.54 2.29 6.53 5.47 7.59.4.07.55-.17.55-.38 0-.19-.01-.82-.01-1.49-2.01.37-2.53-.49-2.69-.94-.09-.23-.48-.94-.82-1.13-.28-.15-.68-.52-.01-.53.63-.01 1.08.58 1.23.82.72 1.21 1.87.87 2.33.66.07-.52.28-.87.51-1.07-1.78-.2-3.64-.89-3.64-3.95 0-.87.31-1.59.82-2.15-.08-.2-.36-1.02.08-2.12 0 0 .67-.21 2.2.82.64-.18 1.32-.27 2-.27.68 0 1.36.09 2 .27 1.53-1.04 2.2-.82 2.2-.82.44 1.1.16 1.92.08 2.12.51.56.82 1.27.82 2.15 0 3.07-1.87 3.75-3.65 3.95.29.25.54.73.54 1.48 0 1.07-.01 1.93-.01 2.2 0 .21.15.46.55.38A8.012 8.012 0 0 0 16 8c0-4.42-3.58-8-8-8z"
              />
            </svg>
          </a>
          <a
            href="#"
          >
            <svg
              fill="currentColor"
              height="1em"
              stroke="currentColor"
              stroke-width="0"
              viewBox="0 0 16 16"
              width="1em"
              xmlns="http://www.w3.org/2000/svg"
            >
              <path
                d="M0 1.146C0 .513.526 0 1.175 0h13.65C15.474 0 16 .513 16 1.146v13.708c0 .633-.526 1.146-1.175 1.146H1.175C.526 16 0 15.487 0 14.854V1.146zm4.943 12.248V6.169H2.542v7.225h2.401zm-1.2-8.212c.837 0 1.358-.554 1.358-1.248-.015-.709-.52-1.248-1.342-1.248-.822 0-1.359.54-1.359 1.248 0 .694.521 1.248 1.327 1.248h.016zm4.908 8.212V9.359c0-.216.016-.432.08-.586.173-.431.568-.878 1.232-.878.869 0 1.216.662 1.216 1.634v3.865h2.401V9.25c0-2.22-1.184-3.252-2.764-3.252-1.274 0-1.845.7-2.165 1.193v.025h-.016a5.54 5.54 0 0 1 .016-.025V6.169h-2.4c.03.678 0 7.225 0 7.225h2.4z"
              />
            </svg>
          </a>
          <a
            href="#"
          >
            <svg
              fill="currentColor"
              height="1em"
              stroke="currentColor"
              stroke-width="0"
              viewBox="0 0 16 16"
              width="1em"
              xmlns="http://www.w3.org/2000/svg"
            >
              <path
                d="M5.026 15c6.038 0 9.341-5.003 9.341-9.334 0-.14 0-.282-.006-.422A6.685 6.685 0 0 0 16 3.542a6.658 6.658 0 0 1-1.889.518 3.301 3.301 0 0 0 1.447-1.817 6.533 6.533 0 0 1-2.087.793A3.286 3.286 0 0 0 7.875 6.03a9.325 9.325 0 0 1-6.767-3.429 3.289 3.289 0 0 0 1.018 4.382A3.323 3.323 0 0 1 .64 6.575v.045a3.288 3.288 0 0 0 2.632 3.218 3.203 3.203 0 0 1-.865.115 3.23 3.23 0 0 1-.614-.057 3.283 3.283 0 0 0 3.067 2.277A6.588 6.588 0 0 1 .78 13.58a6.32 6.32 0 0 1-.78-.045A9.344 9.344 0 0 0 5.026 15z"
              />
            </svg>
          </a>
        </nav>
      </div>
    </footer>
  </div>
</div>
`;
